// Jest Snapshot v1, https://goo.gl/fbAQLP

exports[`Test en <ButtonBlock /> should show <ButtonBlock /> correctly 1`] = `
<div>
  <div
    id="components-button-demo-block"
  >
    <div>
      <Button
        block={true}
        ghost={false}
        htmlType="button"
        loading={false}
        type="primary"
      >
        Primary
      </Button>
      <Button
        block={true}
        ghost={false}
        htmlType="button"
        loading={false}
      >
        Default
      </Button>
      <Button
        block={true}
        ghost={false}
        htmlType="button"
        loading={false}
        type="dashed"
      >
        Dashed
      </Button>
      <Button
        block={true}
        ghost={false}
        htmlType="button"
        loading={false}
        type="link"
      >
        Link
      </Button>
    </div>
  </div>
</div>
`;
