// Jest Snapshot v1, https://goo.gl/fbAQLP

exports[` 1`] = `
<Fragment>
  <Row>
    <Col
      flex="200px"
    >
      <div />
    </Col>
    <Divider
      type="vertical"
    />
    <Col
      flex="auto"
    >
      <div>
        <div>
          <div>
            <p
              onClick={[Function]}
            >
              Transfers and payments
            </p>
          </div>
          <div>
            <p
              onClick={[Function]}
            >
              34
            </p>
          </div>
        </div>
      </div>
    </Col>
    <Divider
      type="vertical"
    />
    <Col
      flex="auto"
    >
      <div>
        <div>
          <div>
            <p
              onClick={[Function]}
            >
              Taxes and contributions
            </p>
          </div>
          <div>
            <p
              onClick={[Function]}
            >
              33
            </p>
          </div>
        </div>
      </div>
    </Col>
    <Divider
      type="vertical"
    />
    <Col
      flex="auto"
    >
      <div>
        <div>
          <div>
            <p
              onClick={[Function]}
            >
              Investments
            </p>
          </div>
          <div>
            <p
              onClick={[Function]}
            >
              423
            </p>
          </div>
        </div>
      </div>
    </Col>
    <Divider
      type="vertical"
    />
    <Col
      flex="auto"
    >
      <div>
        <div>
          <div>
            <p
              onClick={[Function]}
            >
              Paysheet
            </p>
          </div>
          <div>
            <p
              onClick={[Function]}
            >
              987
            </p>
          </div>
        </div>
      </div>
    </Col>
    <Divider
      type="vertical"
    />
    <Col
      flex="auto"
    >
      <div>
        <div>
          <div>
            <p
              onClick={[Function]}
            >
              Administration
            </p>
          </div>
          <div>
            <p
              onClick={[Function]}
            >
              545
            </p>
          </div>
        </div>
      </div>
    </Col>
  </Row>
</Fragment>
`;

exports[`Input OnClickSection should call a action in a content section 1`] = `
<Fragment>
  <Row>
    <Col
      flex="200px"
    >
      <div />
    </Col>
    <Divider
      type="vertical"
    />
    <Col
      flex={0.8}
    >
      <div>
        <div>
          <div>
            <p
              onClick={[Function]}
            >
              Transfers and payments
            </p>
          </div>
          <div>
            <p
              onClick={[Function]}
            >
              34
            </p>
          </div>
        </div>
      </div>
    </Col>
    <Divider
      type="vertical"
    />
    <Col
      flex={0.8}
    >
      <div>
        <div>
          <div>
            <p
              onClick={[Function]}
            >
              Taxes and contributions
            </p>
          </div>
          <div>
            <p
              onClick={[Function]}
            >
              33
            </p>
          </div>
        </div>
      </div>
    </Col>
    <Divider
      type="vertical"
    />
    <Col
      flex={0.8}
    >
      <div>
        <div>
          <div>
            <p
              onClick={[Function]}
            >
              Investments
            </p>
          </div>
          <div>
            <p
              onClick={[Function]}
            >
              423
            </p>
          </div>
        </div>
      </div>
    </Col>
    <Divider
      type="vertical"
    />
    <Col
      flex={0.8}
    >
      <div>
        <div>
          <div>
            <p
              onClick={[Function]}
            >
              Paysheet
            </p>
          </div>
          <div>
            <p
              onClick={[Function]}
            >
              987
            </p>
          </div>
        </div>
      </div>
    </Col>
    <Divider
      type="vertical"
    />
    <Col
      flex={0.8}
    >
      <div>
        <div>
          <div>
            <p
              onClick={[Function]}
            >
              Administration
            </p>
          </div>
          <div>
            <p
              onClick={[Function]}
            >
              545
            </p>
          </div>
        </div>
      </div>
    </Col>
  </Row>
</Fragment>
`;

exports[`Input OnClickSection should call a action in a title section 1`] = `
<Fragment>
  <Row>
    <Col
      flex="200px"
    >
      <div />
    </Col>
    <Divider
      type="vertical"
    />
    <Col
      flex={0.8}
    >
      <div>
        <div>
          <div>
            <p
              onClick={[Function]}
            >
              Transfers and payments
            </p>
          </div>
          <div>
            <p
              onClick={[Function]}
            >
              34
            </p>
          </div>
        </div>
      </div>
    </Col>
    <Divider
      type="vertical"
    />
    <Col
      flex={0.8}
    >
      <div>
        <div>
          <div>
            <p
              onClick={[Function]}
            >
              Taxes and contributions
            </p>
          </div>
          <div>
            <p
              onClick={[Function]}
            >
              33
            </p>
          </div>
        </div>
      </div>
    </Col>
    <Divider
      type="vertical"
    />
    <Col
      flex={0.8}
    >
      <div>
        <div>
          <div>
            <p
              onClick={[Function]}
            >
              Investments
            </p>
          </div>
          <div>
            <p
              onClick={[Function]}
            >
              423
            </p>
          </div>
        </div>
      </div>
    </Col>
    <Divider
      type="vertical"
    />
    <Col
      flex={0.8}
    >
      <div>
        <div>
          <div>
            <p
              onClick={[Function]}
            >
              Paysheet
            </p>
          </div>
          <div>
            <p
              onClick={[Function]}
            >
              987
            </p>
          </div>
        </div>
      </div>
    </Col>
    <Divider
      type="vertical"
    />
    <Col
      flex={0.8}
    >
      <div>
        <div>
          <div>
            <p
              onClick={[Function]}
            >
              Administration
            </p>
          </div>
          <div>
            <p
              onClick={[Function]}
            >
              545
            </p>
          </div>
        </div>
      </div>
    </Col>
  </Row>
</Fragment>
`;

exports[`Input Should be create a snapshot 1`] = `
<Fragment>
  <Row>
    <Col
      flex="200px"
    >
      <div />
    </Col>
    <Divider
      type="vertical"
    />
    <Col
      flex={0.8}
    >
      <div>
        <div>
          <div>
            <p
              onClick={[Function]}
            >
              Transfers and payments
            </p>
          </div>
          <div>
            <p
              onClick={[Function]}
            >
              34
            </p>
          </div>
        </div>
      </div>
    </Col>
    <Divider
      type="vertical"
    />
    <Col
      flex={0.8}
    >
      <div>
        <div>
          <div>
            <p
              onClick={[Function]}
            >
              Taxes and contributions
            </p>
          </div>
          <div>
            <p
              onClick={[Function]}
            >
              33
            </p>
          </div>
        </div>
      </div>
    </Col>
    <Divider
      type="vertical"
    />
    <Col
      flex={0.8}
    >
      <div>
        <div>
          <div>
            <p
              onClick={[Function]}
            >
              Investments
            </p>
          </div>
          <div>
            <p
              onClick={[Function]}
            >
              423
            </p>
          </div>
        </div>
      </div>
    </Col>
    <Divider
      type="vertical"
    />
    <Col
      flex={0.8}
    >
      <div>
        <div>
          <div>
            <p
              onClick={[Function]}
            >
              Paysheet
            </p>
          </div>
          <div>
            <p
              onClick={[Function]}
            >
              987
            </p>
          </div>
        </div>
      </div>
    </Col>
    <Divider
      type="vertical"
    />
    <Col
      flex={0.8}
    >
      <div>
        <div>
          <div>
            <p
              onClick={[Function]}
            >
              Administration
            </p>
          </div>
          <div>
            <p
              onClick={[Function]}
            >
              545
            </p>
          </div>
        </div>
      </div>
    </Col>
  </Row>
</Fragment>
`;
